exports[`test Should render BoardDialog 1`] = `
<Dialog
  actions={
    Array [
      <FlatButton
        disabled={false}
        keyboardFocused={true}
        label="Ok"
        labelPosition="after"
        labelStyle={Object {}}
        onKeyboardFocus={[Function]}
        onMouseEnter={[Function]}
        onMouseLeave={[Function]}
        onTouchStart={[Function]}
        onTouchTap={[Function]}
        primary={true}
        secondary={false} />,
    ]
  }
  autoDetectWindowHeight={true}
  autoScrollBodyContent={false}
  modal={false}
  onRequestClose={[Function]}
  open={false}
  repositionOnUpdate={true}
  title="Add New Board">
  Add a name for the new Board
  <br />
  <TextField
    disabled={false}
    errorText=""
    floatingLabelFixed={false}
    fullWidth={false}
    hintText="Board Name"
    multiLine={false}
    onChange={[Function]}
    rows={1}
    type="text"
    underlineShow={true}
    value="" />
  <br />
  <br />
  Public or Private?
  <br />
  <Checkbox
    checked={false}
    checkedIcon={<ActionVisibilityOff />}
    disabled={false}
    label="Public"
    labelPosition="right"
    labelStyle={
      Object {
        "fontWeight": "normal",
      }
    }
    onCheck={[Function]}
    uncheckedIcon={<ActionVisibility />} />
</Dialog>
`;
