exports[`<TaskShowdialog /> Should render TaskDialog 1`] = `
<Dialog
  autoDetectWindowHeight={true}
  autoScrollBodyContent={true}
  modal={false}
  onRequestClose={[Function]}
  open={true}
  repositionOnUpdate={true}>
  <Card
    className="task"
    expandable={false}
    expanded={null}
    initiallyExpanded={false}>
    <CardHeader
      avatar={null}
      title=""
      titleStyle={
        Object {
          "fontSize": 20,
        }
      } />
    <CardText
      className="task-text">
      <ReactMarkdown
        containerTagName="div"
        parserOptions={Object {}}
        source="" />
      <div
        style={
          Object {
            "display": "none",
          }
        }>
        about://blank?task=1
      </div>
    </CardText>
  </Card>
  <br />
  <BottomNavigation>
    <BottomNavigationItem
      icon={
        <ActionDeleteForever
          style={
            Object {
              "display": "initial",
            }
          } />
      }
      label="Delete"
      onTouchTap={[Function]} />
    <BottomNavigationItem
      icon={
        <EditorModeEdit
          style={
            Object {
              "display": "initial",
            }
          } />
      }
      label="Edit"
      onTouchTap={[Function]} />
    <BottomNavigationItem
      icon={
        <SocialShare
          style={
            Object {
              "display": "initial",
            }
          } />
      }
      label="Share"
      onTouchTap={[Function]} />
  </BottomNavigation>
</Dialog>
`;
