exports[`test Should render TaskDialog 1`] = `
<Dialog
  actions={
    Array [
      <FlatButton
        disabled={false}
        keyboardFocused={true}
        label="Ok"
        labelPosition="after"
        labelStyle={Object {}}
        onKeyboardFocus={[Function]}
        onMouseEnter={[Function]}
        onMouseLeave={[Function]}
        onTouchStart={[Function]}
        onTouchTap={[Function]}
        primary={true}
        secondary={false} />,
    ]
  }
  autoDetectWindowHeight={true}
  autoScrollBodyContent={true}
  modal={false}
  onRequestClose={[Function]}
  open={false}
  repositionOnUpdate={true}
  title="Add Task">
  <br />
  Select User
  <br />
  <UserSelect
    users={Array []} />
  <br />
  <br />
  Select Story
  <br />
  <StorySelect
    errorText=""
    onChange={[Function]}
    story_id={null} />
  <br />
  <br />
  Add a name
  <br />
  <TextField
    disabled={false}
    errorText=""
    floatingLabelFixed={false}
    fullWidth={false}
    hintText="Task Name"
    multiLine={false}
    onChange={[Function]}
    rows={1}
    type="text"
    underlineShow={true}
    value="" />
  <br />
  <br />
  Add a Description
  <br />
  <TextField
    disabled={false}
    errorText=""
    floatingLabelFixed={false}
    fullWidth={true}
    hintText="Task Description"
    multiLine={true}
    onChange={[Function]}
    rows={1}
    type="text"
    underlineShow={true}
    value="" />
  <br />
  <br />
</Dialog>
`;
